// Jest Snapshot v1, https://goo.gl/fbAQLP

exports[`generatePalette should return a monochromatic palette 1`] = `
{
  "100": "#e6e6e6",
  "200": "#cccccc",
  "300": "#b3b3b3",
  "400": "#999999",
  "50": "#f2f2f2",
  "500": "#808080",
  "600": "#666666",
  "700": "#4d4d4d",
  "800": "#333333",
  "900": "#1a1a1a",
}
`;

exports[`generatePalette should return properly 1`] = `
{
  "100": "#ffccda",
  "200": "#ff99b4",
  "300": "#ff668f",
  "400": "#ff3369",
  "50": "#ffe6ec",
  "500": "#ff0044",
  "600": "#cc0036",
  "700": "#990029",
  "800": "#66001b",
  "900": "#33000e",
}
`;
